// Jest Snapshot v1, https://goo.gl/fbAQLP

exports[`the ContractorResourceReview component renders correctly 1`] = `
<Review
  ariaLabel="2. Honey Dipper Dan"
  editHref={null}
  heading="2. Honey Dipper Dan"
  headingLevel="5"
  onDeleteClick={[MockFunction]}
  onEditClick={[MockFunction]}
>
  <p
    className="ds-u-margin-top--0"
  >
    They cleaned up the latrines after the Battle of Hastings
  </p>
  <ul
    className="ds-c-list--bare"
  >
    <li>
      <strong>
        Full Contract Term:
      </strong>
       
      10/14/1066 - 10/15/1066
    </li>
    <li>
      <strong>
        Total Contract Cost:
      </strong>
       
      <Dollars>
        12345
      </Dollars>
    </li>
    <li
      key="1066"
    >
      <strong>
        FFY 
        1066
         cost:
      </strong>
       
      <Dollars>
        300
      </Dollars>
    </li>
    <li
      key="1067"
    >
      <strong>
        FFY 
        1067
         cost:
      </strong>
       
      <Dollars>
        400
      </Dollars>
    </li>
  </ul>
</Review>
`;
