// Jest Snapshot v1, https://goo.gl/fbAQLP

exports[`NoMatch component renders correctly 1`] = `
<div
  className="ds-l-container ds-u-margin-top--6"
>
  <h1
    className="ds-u-margin-bottom--0"
  >
    Whoops, we canâ€™t find that page.
  </h1>
  <p>
    You might want to double-check your link and try again. (404)
  </p>
</div>
`;
