// Jest Snapshot v1, https://goo.gl/fbAQLP

exports[`Routes component renders correctly 1`] = `
<Switch>
  <Connect(PrivateRoute)
    component={
      Object {
        "$$typeof": Symbol(react.memo),
        "WrappedComponent": [Function],
        "compare": null,
        "displayName": "Connect(Dashboard)",
        "type": [Function],
      }
    }
    exact={true}
    key="/"
    path="/"
  />
  <Connect(PrivateRoute)
    component={
      Object {
        "$$typeof": Symbol(react.memo),
        "WrappedComponent": [Function],
        "compare": null,
        "displayName": "Connect(ApdApplication)",
        "type": [Function],
      }
    }
    exact={false}
    key="/apd"
    path="/apd"
  />
  <Connect(PrivateRoute)
    component={
      Object {
        "$$typeof": Symbol(react.memo),
        "WrappedComponent": [Function],
        "compare": null,
        "displayName": "Connect(ApdViewOnly)",
        "type": [Function],
      }
    }
    exact={true}
    key="/print"
    path="/print"
  />
  <Connect(PrivateRoute)
    component={
      Object {
        "$$typeof": Symbol(react.memo),
        "WrappedComponent": [Function],
        "compare": null,
        "displayName": "Connect(StateAdmin)",
        "type": [Function],
      }
    }
    key="/state-admin"
    path="/state-admin"
  />
  <Connect(PrivateRoute)
    component={[Function]}
    key="/federal-admin"
    path="/federal-admin"
  />
  <Route
    component={
      Object {
        "$$typeof": Symbol(react.memo),
        "WrappedComponent": [Function],
        "compare": null,
        "displayName": "Connect(Login)",
        "type": [Function],
      }
    }
    isCard={true}
    key="/login"
    path="/login"
  />
  <Connect(PrivateRoute)
    component={
      Object {
        "$$typeof": Symbol(react.memo),
        "WrappedComponent": [Function],
        "compare": null,
        "displayName": "Connect(Logout)",
        "type": [Function],
      }
    }
    key="/logout"
    path="/logout"
  />
  <Route
    component={[Function]}
    key="no-match"
  />
</Switch>
`;
