// Jest Snapshot v1, https://goo.gl/fbAQLP

exports[`general dashboard component renders correctly if not an admin 1`] = `<Connect(StateDashboard) />`;

exports[`general dashboard component renders correctly if yes an admin 1`] = `<FederalAdmin />`;
